===== AUDIO ANALYSIS: 2026-08-01 15:15:40 =====
analysing 1337 track(s), scope=saves
  25/1337  ok=25 failed=0  ~272/hr
  ! Entre Dos Aguas: ERROR: unable to download video data: HTTP Error 403: Forbidden
  ! Ashqelon: ERROR: unable to download video data: HTTP Error 403: Forbidden
  52/1337  ok=50 failed=2  ~279/hr
  ! My Mind To Your Mind: ERROR: unable to download video data: HTTP Error 403: Forbidden
  ! I had gay sex with god (it could: no audio / analysis failed
  79/1337  ok=75 failed=4  ~280/hr
  ! Busy Body: ERROR: unable to download video data: HTTP Error 403: Forbidden
  105/1337  ok=100 failed=5  ~284/hr
  ! : ERROR: Unable to handle request: Unsupported url scheme: "ytsearch1" (requests, urllib, we
  ! 514-662-????: no audio / analysis failed
  132/1337  ok=125 failed=7  ~278/hr
  ! Lalualumedani 庫依的愛情 - 跨界音樂: ERROR: [youtube] hyxjA7Sjzxk: This video is not available
  158/1337  ok=150 failed=8  ~272/hr
  183/1337  ok=175 failed=8  ~270/hr
  208/1337  ok=200 failed=8  ~249/hr
  ! Wet Dreams: no audio / analysis failed
  234/1337  ok=225 failed=9  ~236/hr
  259/1337  ok=250 failed=9  ~237/hr
  ! Woñi: ERROR: unable to download video data: HTTP Error 403: Forbidden
  285/1337  ok=275 failed=10  ~230/hr
  ! Bhebha (feat. Myztro, Mellow & S: no audio / analysis failed
  311/1337  ok=300 failed=11  ~226/hr
  ! Uay Porn Tahan Chaydan: no audio / analysis failed
  337/1337  ok=325 failed=12  ~223/hr
  ! You Stole The Show: ERROR: unable to download video data: HTTP Error 403: Forbidden
  ! Pretty Girl: ERROR: unable to download video data: HTTP Error 403: Forbidden
  364/1337  ok=350 failed=14  ~220/hr
  ! DAYDREAM: ERROR: unable to download video data: HTTP Error 403: Forbidden
  390/1337  ok=375 failed=15  ~215/hr
  415/1337  ok=400 failed=15  ~205/hr
  ! Mnemonics: ERROR: unable to download video data: HTTP Error 403: Forbidden
  ! 修羅場 - adult ver.: ERROR: unable to download video data: HTTP Error 403: Forbidden
  442/1337  ok=425 failed=17  ~195/hr
  ! Inspector Norse: ERROR: unable to download video data: HTTP Error 403: Forbidden
  ! Young Again: ERROR: unable to download video data: HTTP Error 403: Forbidden
  469/1337  ok=450 failed=19  ~187/hr
  ! What A Life: ERROR: unable to download video data: HTTP Error 403: Forbidden
  ! 牽手曼波 (Flirt-in My House Mix by 沙: no audio / analysis failed
  496/1337  ok=475 failed=21  ~180/hr
  ! Free Tibet - Vini Vici Remix: ERROR: unable to download video data: HTTP Error 403: Forbidden
  ! Be for Real (feat. Teddy Penderg: ERROR: unable to download video data: HTTP Error 403: Forbidden
  ! 不可思議のカルテ: no audio / analysis failed
  ! Talk to Me: ERROR: unable to download video data: HTTP Error 403: Forbidden
  525/1337  ok=500 failed=25  ~177/hr
  ! end: ERROR: unable to download video data: HTTP Error 403: Forbidden
  551/1337  ok=525 failed=26  ~173/hr
  ! Be Mine: ERROR: unable to download video data: HTTP Error 403: Forbidden
  577/1337  ok=550 failed=27  ~166/hr
  602/1337  ok=575 failed=27  ~157/hr
  ! Omw: no audio / analysis failed
  628/1337  ok=600 failed=28  ~153/hr
  ! One Night In Shinjuku: ERROR: unable to download video data: HTTP Error 403: Forbidden
  ! Liniste: ERROR: unable to download video data: HTTP Error 403: Forbidden
  ! Bad News: ERROR: unable to download video data: HTTP Error 403: Forbidden
  ! My Love Mine All Mine: ERROR: unable to download video data: HTTP Error 403: Forbidden
  ! Engawa: ERROR: unable to download video data: HTTP Error 403: Forbidden
  658/1337  ok=625 failed=33  ~154/hr
  ! Bird: ERROR: unable to download video data: HTTP Error 403: Forbidden
  684/1337  ok=650 failed=34  ~154/hr
  ! Cig Angel: no audio / analysis failed
  710/1337  ok=675 failed=35  ~149/hr
  ! энергетики: ERROR: unable to download video data: HTTP Error 403: Forbidden
  736/1337  ok=700 failed=36  ~150/hr
  ! Fallin’4Me: no audio / analysis failed
  ! outro: ERROR: unable to download video data: HTTP Error 403: Forbidden
  ! yami wa hikari no haha: no audio / analysis failed
  764/1337  ok=725 failed=39  ~152/hr
  789/1337  ok=750 failed=39  ~155/hr
  ! The Clown's Corridor: ERROR: [youtube] l-qGO4DCXtA: This video is not available
  ! Our Day Will Come: ERROR: unable to download video data: HTTP Error 403: Forbidden
  ! Bloom: ERROR: unable to download video data: HTTP Error 403: Forbidden
  ! Laundromat: no audio / analysis failed
  818/1337  ok=775 failed=43  ~156/hr
  ! 黒船（嘉永6年6月4日） - 嘉永6年6月4日: ERROR: unable to download video data: HTTP Error 403: Forbidden
  844/1337  ok=800 failed=44  ~155/hr
  ! !!!<3 SOLO A TI: no audio / analysis failed
  ! Winter In America: ERROR: unable to download video data: HTTP Error 403: Forbidden
  ! Witchcraft: ERROR: unable to download video data: HTTP Error 403: Forbidden
  ! Keep It Real: ERROR: unable to download video data: HTTP Error 403: Forbidden
  873/1337  ok=825 failed=48  ~150/hr
  898/1337  ok=850 failed=48  ~148/hr
  ! Uncountable Midnight Footsteps (: ERROR: unable to download video data: HTTP Error 403: Forbidden
  ! Die Gamslan schwarz und braun - : no audio / analysis failed
  925/1337  ok=875 failed=50  ~145/hr
